[2026-09-19 10:00:44,148] 20 src.exception -ERROR -Error occured in python script: [C:\Users\admin\Desktop\ml_workshop_project\nlp_pretrained\ner_tagger.py]at line number: [19]with error message: [
**********************************************************************
  Resource 'maxent_ne_chunker_tab' not found.
  Please use the NLTK Downloader to obtain the resource:

  >>> import nltk
  >>> nltk.download('maxent_ne_chunker_tab')

  For more information see: https://www.nltk.org/data.html

  Attempted to load 'chunkers/maxent_ne_chunker_tab/english_ace_multiclass/'

  Searched in:
    - 'C:\\Users\\admin/nltk_data'
    - 'C:\\Users\\admin\\Desktop\\ml_workshop_project\\.venv\\nltk_data'
    - 'C:\\Users\\admin\\Desktop\\ml_workshop_project\\.venv\\share\\nltk_data'
    - 'C:\\Users\\admin\\Desktop\\ml_workshop_project\\.venv\\lib\\nltk_data'
    - 'C:\\Users\\admin\\AppData\\Roaming\\nltk_data'
    - 'C:\\nltk_data'
    - 'D:\\nltk_data'
    - 'E:\\nltk_data'
    - 'C:\\Users\\admin\\AppData\\Local\\Packages\\PythonSoftwareFoundation.Python.3.13_qbz5n2kfra8p0\\LocalCache\\Roaming\\nltk_data\\taggers\\averaged_perceptron_tagger_eng'
**********************************************************************
]
